// Jest Snapshot v1, https://goo.gl/fbAQLP

exports[`TodoList component should render snapshot 1`] = `
<div
  className="container"
>
  <h1>
    This is my todo list
  </h1>
  <ul
    className="list-group"
  >
    <div
      className="list-group-item list-group-item-action"
    >
      <input
        class="addTodo form-control"
        type="text"
      />
      <button
        className="btn btn-primary"
        onClick={[Function]}
      >
        Add todo
      </button>
    </div>
    <Memo(Item)
      handleClick={[Function]}
      key="0"
    >
      Get up
    </Memo(Item)>
    <Memo(Item)
      handleClick={[Function]}
      key="1"
    >
      Do homework
    </Memo(Item)>
  </ul>
</div>
`;
